build	Download the photographed-pose ETC source STL	﻿2026-10-06T05:17:43.7468388Z ##[group]Run set -euo pipefail
build	Download the photographed-pose ETC source STL	2026-10-06T05:17:43.7468757Z ^[[36;1mset -euo pipefail^[[0m
build	Download the photographed-pose ETC source STL	2026-10-06T05:17:43.7469041Z ^[[36;1mSOURCE_DIR="$RUNNER_TEMP/etc_source_release"^[[0m
build	Download the photographed-pose ETC source STL	2026-10-06T05:17:43.7469423Z ^[[36;1mEXTRACT_DIR="$RUNNER_TEMP/etc_source_extracted"^[[0m
build	Download the photographed-pose ETC source STL	2026-10-06T05:17:43.7469768Z ^[[36;1mmkdir -p "$SOURCE_DIR" "$EXTRACT_DIR"^[[0m
build	Download the photographed-pose ETC source STL	2026-10-06T05:17:43.7470100Z ^[[36;1mgh release download "$SOURCE_RELEASE_TAG" \^[[0m
build	Download the photographed-pose ETC source STL	2026-10-06T05:17:43.7470432Z ^[[36;1m  --repo "$GITHUB_REPOSITORY" \^[[0m
build	Download the photographed-pose ETC source STL	2026-10-06T05:17:43.7470797Z ^[[36;1m  --pattern 'HOTS04_Photo_Posed_STLs_Available_So_Far.zip' \^[[0m
build	Download the photographed-pose ETC source STL	2026-10-06T05:17:43.7471164Z ^[[36;1m  --dir "$SOURCE_DIR"^[[0m
build	Download the photographed-pose ETC source STL	2026-10-06T05:17:43.7471618Z ^[[36;1munzip -q "$SOURCE_DIR/HOTS04_Photo_Posed_STLs_Available_So_Far.zip" -d "$EXTRACT_DIR"^[[0m
build	Download the photographed-pose ETC source STL	2026-10-06T05:17:43.7472124Z ^[[36;1mpython - "$EXTRACT_DIR" "$GITHUB_ENV" <<'PY'^[[0m
build	Download the photographed-pose ETC source STL	2026-10-06T05:17:43.7472464Z ^[[36;1mfrom pathlib import Path^[[0m
build	Download the photographed-pose ETC source STL	2026-10-06T05:17:43.7472710Z ^[[36;1mimport re^[[0m
build	Download the photographed-pose ETC source STL	2026-10-06T05:17:43.7472910Z ^[[36;1mimport sys^[[0m
build	Download the photographed-pose ETC source STL	2026-10-06T05:17:43.7473160Z ^[[36;1m^[[0m
build	Download the photographed-pose ETC source STL	2026-10-06T05:17:43.7473344Z ^[[36;1mroot = Path(sys.argv[1])^[[0m
build	Download the photographed-pose ETC source STL	2026-10-06T05:17:43.7473623Z ^[[36;1menv_path = Path(sys.argv[2])^[[0m
build	Download the photographed-pose ETC source STL	2026-10-06T05:17:43.7473881Z ^[[36;1mcandidates = []^[[0m
build	Download the photographed-pose ETC source STL	2026-10-06T05:17:43.7474118Z ^[[36;1mfor path in root.rglob('*.stl'):^[[0m
build	Download the photographed-pose ETC source STL	2026-10-06T05:17:43.7474447Z ^[[36;1m    key = re.sub(r'[^a-z0-9]+', '', path.stem.casefold())^[[0m
build	Download the photographed-pose ETC source STL	2026-10-06T05:17:43.7474785Z ^[[36;1m    if key != 'etc':^[[0m
build	Download the photographed-pose ETC source STL	2026-10-06T05:17:43.7475014Z ^[[36;1m        continue^[[0m
build	Download the photographed-pose ETC source STL	2026-10-06T05:17:43.7475257Z ^[[36;1m    lowered = str(path).casefold()^[[0m
build	Download the photographed-pose ETC source STL	2026-10-06T05:17:43.7475532Z ^[[36;1m    priority = 0^[[0m
build	Download the photographed-pose ETC source STL	2026-10-06T05:17:43.7475800Z ^[[36;1m    if 'high' in lowered and 'detail' in lowered:^[[0m
build	Download the photographed-pose ETC source STL	2026-10-06T05:17:43.7476120Z ^[[36;1m        priority += 30^[[0m
build	Download the photographed-pose ETC source STL	2026-10-06T05:17:43.7476619Z ^[[36;1m    if 'photo' in lowered and 'posed' in lowered:^[[0m
build	Download the photographed-pose ETC source STL	2026-10-06T05:17:43.7476913Z ^[[36;1m        priority += 20^[[0m
build	Download the photographed-pose ETC source STL	2026-10-06T05:17:43.7477181Z ^[[36;1m    if 'print' in lowered and 'ready' in lowered:^[[0m
build	Download the photographed-pose ETC source STL	2026-10-06T05:17:43.7477676Z ^[[36;1m        priority += 10^[[0m
build	Download the photographed-pose ETC source STL	2026-10-06T05:17:43.7478008Z ^[[36;1m    candidates.append((priority, path.stat().st_size, path))^[[0m
build	Download the photographed-pose ETC source STL	2026-10-06T05:17:43.7478377Z ^[[36;1mif not candidates:^[[0m
build	Download the photographed-pose ETC source STL	2026-10-06T05:17:43.7478733Z ^[[36;1m    raise SystemExit('No ETC STL found in the photo-posed source release')^[[0m
build	Download the photographed-pose ETC source STL	2026-10-06T05:17:43.7479139Z ^[[36;1mcandidates.sort(reverse=True)^[[0m
build	Download the photographed-pose ETC source STL	2026-10-06T05:17:43.7479429Z ^[[36;1mselected = candidates[0][2].resolve()^[[0m
build	Download the photographed-pose ETC source STL	2026-10-06T05:17:43.7479722Z ^[[36;1mprint('ETC source candidates:')^[[0m
build	Download the photographed-pose ETC source STL	2026-10-06T05:17:43.7480018Z ^[[36;1mfor priority, size, path in candidates:^[[0m
build	Download the photographed-pose ETC source STL	2026-10-06T05:17:43.7480385Z ^[[36;1m    print(f'  priority={priority:02d} bytes={size:12d} {path}')^[[0m
build	Download the photographed-pose ETC source STL	2026-10-06T05:17:43.7480746Z ^[[36;1mprint(f'Selected: {selected}')^[[0m
build	Download the photographed-pose ETC source STL	2026-10-06T05:17:43.7481079Z ^[[36;1mwith env_path.open('a', encoding='utf-8') as handle:^[[0m
build	Download the photographed-pose ETC source STL	2026-10-06T05:17:43.7481450Z ^[[36;1m    handle.write(f'ETC_SOURCE_STL={selected}\n')^[[0m
build	Download the photographed-pose ETC source STL	2026-10-06T05:17:43.7481744Z ^[[36;1mPY^[[0m
build	Download the photographed-pose ETC source STL	2026-10-06T05:17:43.7481949Z ^[[36;1mtest -s "$ETC_SOURCE_STL"^[[0m
build	Download the photographed-pose ETC source STL	2026-10-06T05:17:43.7556209Z shell: /usr/bin/bash --noprofile --norc -e -o pipefail {0}
build	Download the photographed-pose ETC source STL	2026-10-06T05:17:43.7556572Z env:
build	Download the photographed-pose ETC source STL	2026-10-06T05:17:43.7556774Z   BLENDER_VERSION: 3.6.23
build	Download the photographed-pose ETC source STL	2026-10-06T05:17:43.7557087Z   SOURCE_RELEASE_TAG: hots04-photo-posed-as-generated-20261006
build	Download the photographed-pose ETC source STL	2026-10-06T05:17:43.7560282Z   GH_TOKEN: ***
build	Download the photographed-pose ETC source STL	2026-10-06T05:17:43.7560495Z ##[endgroup]
build	Download the photographed-pose ETC source STL	2026-10-06T05:17:47.3433316Z ETC source candidates:
build	Download the photographed-pose ETC source STL	2026-10-06T05:17:47.3434746Z   priority=20 bytes=    19925584 /home/runner/work/_temp/etc_source_extracted/HOTS04_Photo_Posed_STLs_Available_So_Far/STL_Photo_Posed_As_Generated/ETC.stl
build	Download the photographed-pose ETC source STL	2026-10-06T05:17:47.3436721Z Selected: /home/runner/work/_temp/etc_source_extracted/HOTS04_Photo_Posed_STLs_Available_So_Far/STL_Photo_Posed_As_Generated/ETC.stl
build	Download the photographed-pose ETC source STL	2026-10-06T05:17:47.3465643Z /home/runner/work/_temp/6fcc2969-1577-46fc-9af4-9f9c100d241b.sh: line 42: ETC_SOURCE_STL: unbound variable
build	Download the photographed-pose ETC source STL	2026-10-06T05:17:47.3480144Z ##[error]Process completed with exit code 1.
