smoke	Prepare four-view photograph masks	﻿2026-10-05T10:41:56.9207016Z ##[group]Run set -euo pipefail
smoke	Prepare four-view photograph masks	2026-10-05T10:41:56.9207366Z ^[[36;1mset -euo pipefail^[[0m
smoke	Prepare four-view photograph masks	2026-10-05T10:41:56.9207647Z ^[[36;1mmapfile -t photos < <(python - <<'PY'^[[0m
smoke	Prepare four-view photograph masks	2026-10-05T10:41:56.9207941Z ^[[36;1mimport json^[[0m
smoke	Prepare four-view photograph masks	2026-10-05T10:41:56.9208321Z ^[[36;1mfor value in json.load(open('smoke_config.json', encoding='utf-8'))['photos']:^[[0m
smoke	Prepare four-view photograph masks	2026-10-05T10:41:56.9208744Z ^[[36;1m    print(value)^[[0m
smoke	Prepare four-view photograph masks	2026-10-05T10:41:56.9209505Z ^[[36;1mPY^[[0m
smoke	Prepare four-view photograph masks	2026-10-05T10:41:56.9209689Z ^[[36;1m)^[[0m
smoke	Prepare four-view photograph masks	2026-10-05T10:41:56.9209884Z ^[[36;1mtest "${#photos[@]}" -eq 4^[[0m
smoke	Prepare four-view photograph masks	2026-10-05T10:41:56.9210177Z ^[[36;1mmkdir -p "$RUNNER_TEMP/smoke/Reports"^[[0m
smoke	Prepare four-view photograph masks	2026-10-05T10:41:56.9210545Z ^[[36;1mpython tools/prepare_pose_reference_masks_v3.py \^[[0m
smoke	Prepare four-view photograph masks	2026-10-05T10:41:56.9210873Z ^[[36;1m  --hero "$HERO" \^[[0m
smoke	Prepare four-view photograph masks	2026-10-05T10:41:56.9211126Z ^[[36;1m  --photos "${photos[@]}" \^[[0m
smoke	Prepare four-view photograph masks	2026-10-05T10:41:56.9211491Z ^[[36;1m  --output-npz "$RUNNER_TEMP/smoke/Reports/reference_masks.npz" \^[[0m
smoke	Prepare four-view photograph masks	2026-10-05T10:41:56.9212005Z ^[[36;1m  --preview "$RUNNER_TEMP/smoke/Reports/reference_masks_preview.jpg" \^[[0m
smoke	Prepare four-view photograph masks	2026-10-05T10:41:56.9212511Z ^[[36;1m  --report "$RUNNER_TEMP/smoke/Reports/reference_masks.json"^[[0m
smoke	Prepare four-view photograph masks	2026-10-05T10:41:56.9283467Z shell: /usr/bin/bash --noprofile --norc -e -o pipefail {0}
smoke	Prepare four-view photograph masks	2026-10-05T10:41:56.9283824Z env:
smoke	Prepare four-view photograph masks	2026-10-05T10:41:56.9284023Z   BLENDER_VERSION: 3.6.23
smoke	Prepare four-view photograph masks	2026-10-05T10:41:56.9284303Z   M3ADDON_COMMIT: 58935005c4465a219a740f6b740253533eda773f
smoke	Prepare four-view photograph masks	2026-10-05T10:41:56.9284619Z   HERO: Alarak
smoke	Prepare four-view photograph masks	2026-10-05T10:41:56.9284807Z   SAFE: Alarak
smoke	Prepare four-view photograph masks	2026-10-05T10:41:56.9285003Z   REPOSITORY: HOTS-02
smoke	Prepare four-view photograph masks	2026-10-05T10:41:56.9285287Z   MODEL_PATH: storm_hero_alarak_base/storm_hero_alarak_base.m3
smoke	Prepare four-view photograph masks	2026-10-05T10:41:56.9285611Z   SKIN_KEY: base
smoke	Prepare four-view photograph masks	2026-10-05T10:41:56.9285844Z   SOURCE_ROOT: /home/runner/work/_temp/HOTS-source
smoke	Prepare four-view photograph masks	2026-10-05T10:41:56.9286230Z   BLENDER: /home/runner/work/_temp/blender-3.6.23-linux-x64/blender
smoke	Prepare four-view photograph masks	2026-10-05T10:41:56.9286577Z ##[endgroup]
smoke	Prepare four-view photograph masks	2026-10-05T10:41:57.5880185Z Traceback (most recent call last):
smoke	Prepare four-view photograph masks	2026-10-05T10:41:57.5881176Z   File "/home/runner/work/HOTS-04/HOTS-04/tools/prepare_pose_reference_masks_v3.py", line 215, in <module>
smoke	Prepare four-view photograph masks	2026-10-05T10:41:57.5882110Z     raise SystemExit(main())
smoke	Prepare four-view photograph masks	2026-10-05T10:41:57.5882869Z   File "/home/runner/work/HOTS-04/HOTS-04/tools/prepare_pose_reference_masks_v3.py", line 149, in main
smoke	Prepare four-view photograph masks	2026-10-05T10:41:57.5883826Z     raise RuntimeError(f"Foreground segmentation failed for {path}")
smoke	Prepare four-view photograph masks	2026-10-05T10:41:57.5884584Z RuntimeError: Foreground segmentation failed for Alarak02.jpg
smoke	Prepare four-view photograph masks	2026-10-05T10:41:57.6243606Z ##[error]Process completed with exit code 1.
