package	Collect, validate, and package retained posed STLs	﻿2026-10-05T17:03:02.0997779Z ##[group]Run set -euo pipefail
package	Collect, validate, and package retained posed STLs	2026-10-05T17:03:02.0998096Z ^[[36;1mset -euo pipefail^[[0m
package	Collect, validate, and package retained posed STLs	2026-10-05T17:03:02.0998303Z ^[[36;1mpython tools/package_available_photo_posed_stls.py \^[[0m
package	Collect, validate, and package retained posed STLs	2026-10-05T17:03:02.0998589Z ^[[36;1m  --working-directory "$RUNNER_TEMP/HOTS04_posed_artifacts" \^[[0m
package	Collect, validate, and package retained posed STLs	2026-10-05T17:03:02.0998913Z ^[[36;1m  --package-directory "$RUNNER_TEMP/HOTS04_Photo_Posed_STLs_Available_So_Far" \^[[0m
package	Collect, validate, and package retained posed STLs	2026-10-05T17:03:02.0999210Z ^[[36;1m  --archive "$GITHUB_WORKSPACE/$ARCHIVE_NAME"^[[0m
package	Collect, validate, and package retained posed STLs	2026-10-05T17:03:02.1031029Z shell: /usr/bin/bash --noprofile --norc -e -o pipefail {0}
package	Collect, validate, and package retained posed STLs	2026-10-05T17:03:02.1031299Z env:
package	Collect, validate, and package retained posed STLs	2026-10-05T17:03:02.1031485Z   ARCHIVE_NAME: HOTS04_Photo_Posed_STLs_Available_So_Far.zip
package	Collect, validate, and package retained posed STLs	2026-10-05T17:03:02.1031736Z   RELEASE_TAG: hots04-photo-posed-available-20261006-r3
package	Collect, validate, and package retained posed STLs	2026-10-05T17:03:02.1033893Z   GH_TOKEN: ***
package	Collect, validate, and package retained posed STLs	2026-10-05T17:03:02.1034049Z ##[endgroup]
package	Collect, validate, and package retained posed STLs	2026-10-05T17:03:02.4632347Z [posed-packager] Matched 14 photo-pose artifact(s) from 26 retained artifact records
package	Collect, validate, and package retained posed STLs	2026-10-05T17:03:02.8733403Z [posed-packager] WARNING: HOTS04-photo-posed-v5-Cho-Gall could not be downloaded: HTTP Error 401: Server failed to authenticate the request. Please refer to the information in the www-authenticate header.
package	Collect, validate, and package retained posed STLs	2026-10-05T17:03:03.2890154Z [posed-packager] WARNING: HOTS04-photo-posed-v5-Stukov could not be downloaded: HTTP Error 401: Server failed to authenticate the request. Please refer to the information in the www-authenticate header.
package	Collect, validate, and package retained posed STLs	2026-10-05T17:03:03.7708910Z [posed-packager] WARNING: HOTS04-photo-posed-v5-Arthas could not be downloaded: HTTP Error 401: Server failed to authenticate the request. Please refer to the information in the www-authenticate header.
package	Collect, validate, and package retained posed STLs	2026-10-05T17:03:04.2056013Z [posed-packager] WARNING: HOTS04-photo-posed-v5-Lt_Morales could not be downloaded: HTTP Error 401: Server failed to authenticate the request. Please refer to the information in the www-authenticate header.
package	Collect, validate, and package retained posed STLs	2026-10-05T17:03:04.5688388Z [posed-packager] WARNING: HOTS04-photo-posed-v5-Leoric could not be downloaded: HTTP Error 401: Server failed to authenticate the request. Please refer to the information in the www-authenticate header.
package	Collect, validate, and package retained posed STLs	2026-10-05T17:03:05.0896563Z [posed-packager] WARNING: HOTS04-photo-posed-v5-Nova could not be downloaded: HTTP Error 401: Server failed to authenticate the request. Please refer to the information in the www-authenticate header.
package	Collect, validate, and package retained posed STLs	2026-10-05T17:03:05.6437105Z [posed-packager] WARNING: HOTS04-photo-posed-v5-Zul_jin could not be downloaded: HTTP Error 401: Server failed to authenticate the request. Please refer to the information in the www-authenticate header.
package	Collect, validate, and package retained posed STLs	2026-10-05T17:03:06.1314205Z [posed-packager] WARNING: HOTS04-photo-posed-v5-Rexxar could not be downloaded: HTTP Error 401: Server failed to authenticate the request. Please refer to the information in the www-authenticate header.
package	Collect, validate, and package retained posed STLs	2026-10-05T17:03:06.5780183Z [posed-packager] WARNING: HOTS04-photo-posed-v5-Zagara could not be downloaded: HTTP Error 401: Server failed to authenticate the request. Please refer to the information in the www-authenticate header.
package	Collect, validate, and package retained posed STLs	2026-10-05T17:03:06.9557615Z [posed-packager] WARNING: HOTS04-photo-posed-v5-ETC could not be downloaded: HTTP Error 401: Server failed to authenticate the request. Please refer to the information in the www-authenticate header.
package	Collect, validate, and package retained posed STLs	2026-10-05T17:03:07.3688902Z [posed-packager] WARNING: HOTS04-photo-posed-v5-Ragnaros could not be downloaded: HTTP Error 401: Server failed to authenticate the request. Please refer to the information in the www-authenticate header.
package	Collect, validate, and package retained posed STLs	2026-10-05T17:03:07.8885468Z [posed-packager] WARNING: HOTS04-photo-posed-v5-Lunara could not be downloaded: HTTP Error 401: Server failed to authenticate the request. Please refer to the information in the www-authenticate header.
package	Collect, validate, and package retained posed STLs	2026-10-05T17:03:08.3621704Z [posed-packager] WARNING: HOTS04-photo-posed-v5-Alarak could not be downloaded: HTTP Error 401: Server failed to authenticate the request. Please refer to the information in the www-authenticate header.
package	Collect, validate, and package retained posed STLs	2026-10-05T17:03:08.8267879Z [posed-packager] WARNING: HOTS04-photo-posed-v5-Tychus could not be downloaded: HTTP Error 401: Server failed to authenticate the request. Please refer to the information in the www-authenticate header.
package	Collect, validate, and package retained posed STLs	2026-10-05T17:03:08.8272747Z No retained photo-posed artifact contained an STL file
package	Collect, validate, and package retained posed STLs	2026-10-05T17:03:08.8463435Z ##[error]Process completed with exit code 1.
